10-19 18:54:19.663 D/CompatibilityChangeReporter(13987): Compat change id reported: 160794467; UID 10223; state: ENABLED
10-19 18:54:19.664 W/Profilo/TraceControl(13689): START PROFILO_TRACEID: Hme1tGJ29yh 30539777
10-19 18:54:19.793 D/CompatibilityChangeReporter(13987): Compat change id reported: 194532703; UID 10223; state: ENABLED
10-19 18:54:19.797 D/JobScheduler( 2067): Enqueueing job: (job:5100/com.facebook.appmanager/com.facebook.oxygen.common.jobqueue.JobQueueService) work: JobWorkItem{id=0 intent=Intent { act=appmanager.sso.SsoSessionWorker (has extras) }}
10-19 18:54:19.797 D/CompatibilityChangeReporter( 2067): Compat change id reported: 194532703; UID 10223; state: ENABLED
10-19 18:54:19.840 D/JobScheduler( 2067): Enqueueing job: (job:5100/com.facebook.appmanager/com.facebook.oxygen.common.jobqueue.JobQueueService) work: JobWorkItem{id=0 intent=Intent { act=preloads.common.packages.delta.DeltaPackageWorker (has extras) }}
10-19 18:54:19.861 D/JobScheduler( 2067): Enqueueing job: (job:5100/com.facebook.appmanager/com.facebook.oxygen.common.jobqueue.JobQueueService) work: JobWorkItem{id=0 intent=Intent { act=appmanager.ui.notificationchannels.NotificationChannelWorker (has extras) }}
10-19 18:54:19.881 I/ActivityManager( 2067): com.facebook.system is exempt from freezer
10-19 18:54:19.881 D/CompatibilityChangeReporter( 2067): Compat change id reported: 135634846; UID 10190; state: DISABLED
10-19 18:54:19.882 D/CompatibilityChangeReporter( 2067): Compat change id reported: 177438394; UID 10190; state: DISABLED
10-19 18:54:19.882 D/CompatibilityChangeReporter( 2067): Compat change id reported: 135772972; UID 10190; state: DISABLED
10-19 18:54:19.882 D/CompatibilityChangeReporter( 2067): Compat change id reported: 135754954; UID 10190; state: ENABLED
10-19 18:54:19.884 D/CompatibilityChangeReporter( 2067): Compat change id reported: 143937733; UID 10190; state: ENABLED
10-19 18:54:19.903 D/Zygote  ( 1026): Forked child process 14043
10-19 18:54:19.909 I/ActivityManager( 2067): Start proc 14043:com.facebook.system/u0a190 for content provider {com.facebook.system/com.facebook.oxygen.installer.api.AppManagerApiProvider}
10-19 18:54:19.935 I/facebook.system(14043): Using CollectorTypeCC GC.
10-19 18:54:19.943 E/facebook.system(14043): Not starting debugger since process cannot load the jdwp agent.
10-19 18:54:19.968 D/nativeloader(14043): Load libframework-connectivity-tiramisu-jni.so using APEX ns com_android_tethering for caller /apex/com.android.tethering/javalib/framework-connectivity-t.jar: ok
10-19 18:54:19.992 E/ActionQueryTaskListener(13689): 0 onLoadBatchStart BACKGROUND modules: [pytorch]
10-19 18:54:20.002 D/CompatibilityChangeReporter( 2067): Compat change id reported: 168419799; UID 10190; state: DISABLED
10-19 18:54:20.007 W/SoLoader(13689): Registering application split pytorch split_pytorch.apk
10-19 18:54:20.011 W/SoLoader(13689): Prepending SoSource pytorch-asset-libs: SuperpackSoSource[root = /data/data/com.instagram.android/modules/pytorch_d5fa92a720dbf15b4a361cdb6798ce3d8a5758c68a323d2c745f01cfb7d80b44/lib-compressed/arm64-v8a/806345170/asset-libs flags = 1 zipSource = /data/app/~~QcMgwa6gTDnZVMUtUQV1hw==/com.instagram.android-sL3j8ufXyVTVeYiWP3IvqQ==/split_pytorch.apk compressedPath = assets/pytorch/libs.spo identity = pytorch]
10-19 18:54:20.018 D/CompatibilityChangeReporter(14043): Compat change id reported: 171979766; UID 10190; state: ENABLED
10-19 18:54:20.033 E/ActionQueryTaskListener(13689): 0 onLoadBatchComplete exception: null BACKGROUND modules: [pytorch]
10-19 18:54:20.076 W/SoLoader[NativeDeps](13689): Couldn't find libtorchmerged_pytorch.so in native deps file
10-19 18:54:20.076 W/SoLoader[NativeDeps](13689): Falling back to custom ELF parsing when loading libtorchmerged_pytorch.so, this can be slow
10-19 18:54:20.080 E/ActionQueryTaskListener(13689): 0 onTaskComplete [true,false,] BACKGROUND modules: [pytorch]
10-19 18:54:20.099 D/nativeloader(14043): Configuring clns-4 for other apk /data/app/~~Z4meq12UENmwgdd12mWFMw==/com.facebook.system-AYlEH9ozkMeQ9mzXkJp6Uw==/base.apk. target_sdk_version=35, uses_libraries=, library_path=/data/app/~~Z4meq12UENmwgdd12mWFMw==/com.facebook.system-AYlEH9ozkMeQ9mzXkJp6Uw==/lib/arm64, permitted_path=/data:/mnt/expand:/data/user/0/com.facebook.system
10-19 18:54:20.120 D/nativeloader(14043): Load libframework-connectivity-jni.so using APEX ns com_android_tethering for caller /apex/com.android.tethering/javalib/framework-connectivity.jar: ok
10-19 18:54:20.140 W/SWPool3_t1of1(13689): type=1400 audit(0.0:113335): avc: granted { execute } for path="/data/data/com.instagram.android/lib-compressed/librtc.so" dev="dm-40" ino=616747 scontext=u:r:untrusted_app:s0:c119,c257,c512,c768 tcontext=u:object_r:app_data_file:s0:c119,c257,c512,c768 tclass=file app=com.instagram.android
10-19 18:54:20.144 V/GraphicsEnvironment(14043): ANGLE Developer option for 'com.facebook.system' set to: 'default'
10-19 18:54:20.146 V/GraphicsEnvironment(14043): ANGLE GameManagerService for com.facebook.system: false
10-19 18:54:20.146 V/GraphicsEnvironment(14043): Neither updatable production driver nor prerelease driver is supported.
10-19 18:54:20.166 D/NetworkSecurityConfig(14043): Using Network Security Config from resource fb_network_security_config debugBuild: false
10-19 18:54:20.172 D/NetworkSecurityConfig(14043): Using Network Security Config from resource fb_network_security_config debugBuild: false
10-19 18:54:20.207 D/nativeloader(13689): Load /data/data/com.instagram.android/lib-compressed/librtc.so using class loader ns clns-5 (caller=/data/app/~~QcMgwa6gTDnZVMUtUQV1hw==/com.instagram.android-sL3j8ufXyVTVeYiWP3IvqQ==/base.apk!classes9.dex): ok
10-19 18:54:20.238 I/Typeface(14043): updateThemeFont new=Rookery-Regular;old=sans-serif;new=Rookery-Stacked;old=
10-19 18:54:20.233 W/SWPool3_t1of1(13689): type=1400 audit(0.0:113336): avc: granted { execute } for path="/data/data/com.instagram.android/lib-compressed/libardmerged.so" dev="dm-40" ino=605048 scontext=u:r:untrusted_app:s0:c119,c257,c512,c768 tcontext=u:object_r:app_data_file:s0:c119,c257,c512,c768 tclass=file app=com.instagram.android
10-19 18:54:20.247 D/nativeloader(13689): Load /data/data/com.instagram.android/lib-compressed/libardmerged.so using class loader ns clns-5 (caller=/data/app/~~QcMgwa6gTDnZVMUtUQV1hw==/com.instagram.android-sL3j8ufXyVTVeYiWP3IvqQ==/base.apk!classes9.dex): ok
10-19 18:54:20.253 W/SWPool3_t1of1(13689): type=1400 audit(0.0:113337): avc: granted { execute } for path="/data/data/com.instagram.android/lib-compressed/libtorchmerged.so" dev="dm-40" ino=574793 scontext=u:r:untrusted_app:s0:c119,c257,c512,c768 tcontext=u:object_r:app_data_file:s0:c119,c257,c512,c768 tclass=file app=com.instagram.android
10-19 18:54:20.263 D/nativeloader(13689): Load /data/data/com.instagram.android/lib-compressed/libtorchmerged.so using class loader ns clns-5 (caller=/data/app/~~QcMgwa6gTDnZVMUtUQV1hw==/com.instagram.android-sL3j8ufXyVTVeYiWP3IvqQ==/base.apk!classes9.dex): ok
10-19 18:54:20.263 W/SWPool3_t1of1(13689): type=1400 audit(0.0:113338): avc: granted { execute } for path="/data/data/com.instagram.android/modules/pytorch_d5fa92a720dbf15b4a361cdb6798ce3d8a5758c68a323d2c745f01cfb7d80b44/lib-compressed/arm64-v8a/806345170/asset-libs/libtorchmerged_pytorch.so" dev="dm-40" ino=525105 scontext=u:r:untrusted_app:s0:c119,c257,c512,c768 tcontext=u:object_r:app_data_file:s0:c119,c257,c512,c768 tclass=file app=com.instagram.android
10-19 18:54:20.284 E/ActivityThread(13987): Failed to find provider info for com.facebook.appmanager.nekodirect
10-19 18:54:20.304 D/CompatibilityChangeReporter(13987): Compat change id reported: 147600208; UID 10223; state: ENABLED
10-19 18:54:20.304 D/JobScheduler( 2067): Enqueueing job: (job:5500/com.facebook.appmanager/com.facebook.oxygen.appmanager.update.core.UpdateService) work: JobWorkItem{id=0 intent=Intent { act=check_consistency cmp=com.facebook.appmanager/com.facebook.oxygen.appmanager.update.core.UpdateService (has extras) }}
10-19 18:54:20.376 D/nativeloader(13689): Load /data/data/com.instagram.android/modules/pytorch_d5fa92a720dbf15b4a361cdb6798ce3d8a5758c68a323d2c745f01cfb7d80b44/lib-compressed/arm64-v8a/806345170/asset-libs/libtorchmerged_pytorch.so using class loader ns clns-5 (caller=/data/app/~~QcMgwa6gTDnZVMUtUQV1hw==/com.instagram.android-sL3j8ufXyVTVeYiWP3IvqQ==/base.apk!classes9.dex): ok
10-19 18:54:20.378 E/ActionQueryTaskListener(13689): 1 onTaskStart BACKGROUND modules: [executorch]
10-19 18:54:20.380 E/ActionQueryTaskListener(13689): 1 onLoadBatchStart BACKGROUND modules: [executorch]
10-19 18:54:20.386 W/SoLoader(13689): Registering application split executorch split_executorch.apk
10-19 18:54:20.389 W/SoLoader(13689): Prepending SoSource executorch-asset-libs: SuperpackSoSource[root = /data/data/com.instagram.android/modules/executorch_2af3d828e779b7c549275e9d99a902ffbbde576643b2192db2e9357f1bcd141d/lib-compressed/arm64-v8a/806345170/asset-libs flags = 1 zipSource = /data/app/~~QcMgwa6gTDnZVMUtUQV1hw==/com.instagram.android-sL3j8ufXyVTVeYiWP3IvqQ==/split_executorch.apk compressedPath = assets/executorch/libs.spo identity = executorch]
10-19 18:54:20.400 W/SWPool3_t1of1(13689): type=1400 audit(0.0:113339): avc: granted { execute } for path="/data/data/com.instagram.android/lib-compressed/libarfxmerged.so" dev="dm-40" ino=587587 scontext=u:r:untrusted_app:s0:c119,c257,c512,c768 tcontext=u:object_r:app_data_file:s0:c119,c257,c512,c768 tclass=file app=com.instagram.android
10-19 18:54:20.405 W/dex2oat64(13567): Compilation of etzo eufq.a(int) took 348.723ms
10-19 18:54:20.426 D/nativeloader(13689): Load /data/data/com.instagram.android/lib-compressed/libarfxmerged.so using class loader ns clns-5 (caller=/data/app/~~QcMgwa6gTDnZVMUtUQV1hw==/com.instagram.android-sL3j8ufXyVTVeYiWP3IvqQ==/base.apk!classes9.dex): ok
10-19 18:54:20.430 W/SWPool3_t1of1(13689): type=1400 audit(0.0:113340): avc: granted { execute } for path="/data/data/com.instagram.android/lib-compressed/libarcore_sdk_c.so" dev="dm-40" ino=239576 scontext=u:r:untrusted_app:s0:c119,c257,c512,c768 tcontext=u:object_r:app_data_file:s0:c119,c257,c512,c768 tclass=file app=com.instagram.android
10-19 18:54:20.434 D/nativeloader(13689): Load /data/data/com.instagram.android/lib-compressed/libarcore_sdk_c.so using class loader ns clns-5 (caller=/data/app/~~QcMgwa6gTDnZVMUtUQV1hw==/com.instagram.android-sL3j8ufXyVTVeYiWP3IvqQ==/base.apk!classes9.dex): ok
10-19 18:54:20.440 W/SWPool3_t1of1(13689): type=1400 audit(0.0:113341): avc: granted { execute } for path="/data/data/com.instagram.android/lib-compressed/libeffectsmerged.so" dev="dm-40" ino=563911 scontext=u:r:untrusted_app:s0:c119,c257,c512,c768 tcontext=u:object_r:app_data_file:s0:c119,c257,c512,c768 tclass=file app=com.instagram.android
10-19 18:54:20.497 D/nativeloader(13689): Load /data/data/com.instagram.android/lib-compressed/libeffectsmerged.so using class loader ns clns-5 (caller=/data/app/~~QcMgwa6gTDnZVMUtUQV1hw==/com.instagram.android-sL3j8ufXyVTVeYiWP3IvqQ==/base.apk!classes9.dex): ok
10-19 18:54:20.500 W/SWPool3_t1of1(13689): type=1400 audit(0.0:113342): avc: granted { execute } for path="/data/data/com.instagram.android/lib-compressed/libctmerged.so" dev="dm-40" ino=610995 scontext=u:r:untrusted_app:s0:c119,c257,c512,c768 tcontext=u:object_r:app_data_file:s0:c119,c257,c512,c768 tclass=file app=com.instagram.android
10-19 18:54:20.523 D/nativeloader(13689): Load /data/data/com.instagram.android/lib-compressed/libctmerged.so using class loader ns clns-5 (caller=/data/app/~~QcMgwa6gTDnZVMUtUQV1hw==/com.instagram.android-sL3j8ufXyVTVeYiWP3IvqQ==/base.apk!classes9.dex): ok
10-19 18:54:20.538 D/nativeloader(13689): Load /data/data/com.instagram.android/lib-compressed/libxplat_assistant_oacr_smart_comms_smart_keyboard_utils_string_base_utilsAndroid.so using class loader ns clns-5 (caller=/data/app/~~QcMgwa6gTDnZVMUtUQV1hw==/com.instagram.android-sL3j8ufXyVTVeYiWP3IvqQ==/base.apk!classes9.dex): ok
10-19 18:54:20.554 D/nativeloader(13689): Load /data/data/com.instagram.android/lib-compressed/libxplat_libraries_actrie_actrieAndroid.so using class loader ns clns-5 (caller=/data/app/~~QcMgwa6gTDnZVMUtUQV1hw==/com.instagram.android-sL3j8ufXyVTVeYiWP3IvqQ==/base.apk!classes9.dex): ok
10-19 18:54:20.560 D/nativeloader(13689): Load /data/data/com.instagram.android/lib-compressed/libxplat_assistant_oacr_smart_comms_shared_smart_comms_block_phraseAndroid.so using class loader ns clns-5 (caller=/data/app/~~QcMgwa6gTDnZVMUtUQV1hw==/com.instagram.android-sL3j8ufXyVTVeYiWP3IvqQ==/base.apk!classes9.dex): ok
10-19 18:54:20.569 D/nativeloader(13689): Load /data/data/com.instagram.android/lib-compressed/libxplat_assistant_oacr_smart_comms_shared_smart_comms_porter_stemmerAndroid.so using class loader ns clns-5 (caller=/data/app/~~QcMgwa6gTDnZVMUtUQV1hw==/com.instagram.android-sL3j8ufXyVTVeYiWP3IvqQ==/base.apk!classes9.dex): ok
10-19 18:54:20.578 D/nativeloader(13689): Load /data/data/com.instagram.android/lib-compressed/libxplat_assistant_oacr_smart_comms_smart_avatars_smart_avatars_classifierAndroid.so using class loader ns clns-5 (caller=/data/app/~~QcMgwa6gTDnZVMUtUQV1hw==/com.instagram.android-sL3j8ufXyVTVeYiWP3IvqQ==/base.apk!classes9.dex): ok
10-19 18:54:20.602 D/nativeloader(13689): Load /data/data/com.instagram.android/lib-compressed/libxplat_structuredlogger_events_gen_MantleClientDebugEvent_genAndroid.so using class loader ns clns-5 (caller=/data/app/~~QcMgwa6gTDnZVMUtUQV1hw==/com.instagram.android-sL3j8ufXyVTVeYiWP3IvqQ==/base.apk!classes9.dex): ok
10-19 18:54:20.622 D/nativeloader(13689): Load /data/data/com.instagram.android/lib-compressed/libxplat_mantle_logger_loggerAndroid.so using class loader ns clns-5 (caller=/data/app/~~QcMgwa6gTDnZVMUtUQV1hw==/com.instagram.android-sL3j8ufXyVTVeYiWP3IvqQ==/base.apk!classes9.dex): ok
10-19 18:54:20.637 D/nativeloader(13689): Load /data/data/com.instagram.android/lib-compressed/libxplat_configerator_structs_mantle_dag_dag-cpp2-typesAndroid.so using class loader ns clns-5 (caller=/data/app/~~QcMgwa6gTDnZVMUtUQV1hw==/com.instagram.android-sL3j8ufXyVTVeYiWP3IvqQ==/base.apk!classes9.dex): ok
10-19 18:54:20.645 D/nativeloader(13689): Load /data/data/com.instagram.android/lib-compressed/libxplat_mantle_scoped_mantle_holder_scoped_mantle_holderAndroid.so using class loader ns clns-5 (caller=/data/app/~~QcMgwa6gTDnZVMUtUQV1hw==/com.instagram.android-sL3j8ufXyVTVeYiWP3IvqQ==/base.apk!classes9.dex): ok
10-19 18:54:20.662 D/nativeloader(13689): Load /data/data/com.instagram.android/lib-compressed/libxplat_executorch_extension_tensor_tensorAndroid.so using class loader ns clns-5 (caller=/data/app/~~QcMgwa6gTDnZVMUtUQV1hw==/com.instagram.android-sL3j8ufXyVTVeYiWP3IvqQ==/base.apk!classes9.dex): ok
10-19 18:54:20.670 D/JobScheduler( 2067): Enqueueing job: (job:5500/com.facebook.appmanager/com.facebook.oxygen.appmanager.update.core.UpdateService) work: JobWorkItem{id=0 intent=Intent { act=package_event cmp=com.facebook.appmanager/com.facebook.oxygen.appmanager.update.core.UpdateService (has extras) }}
10-19 18:54:20.677 D/nativeloader(13689): Load /data/data/com.instagram.android/lib-compressed/libxplat_mantle_MantleCQLAndroid.so using class loader ns clns-5 (caller=/data/app/~~QcMgwa6gTDnZVMUtUQV1hw==/com.instagram.android-sL3j8ufXyVTVeYiWP3IvqQ==/base.apk!classes9.dex): ok
10-19 18:54:20.697 D/nativeloader(13689): Load /data/data/com.instagram.android/lib-compressed/libmantle-ig.so using class loader ns clns-5 (caller=/data/app/~~QcMgwa6gTDnZVMUtUQV1hw==/com.instagram.android-sL3j8ufXyVTVeYiWP3IvqQ==/base.apk!classes9.dex): ok
10-19 18:54:20.718 E/ActionQueryTaskListener(13689): 1 onLoadBatchComplete exception: null BACKGROUND modules: [executorch]
10-19 18:54:20.728 I/Mantle  (13689): IGMantleJni::initHybrid is called.
10-19 18:54:20.736 I/Mantle  (13689): IGMantleJni::IGMantleJni is called.
10-19 18:54:20.892 W/FrscLanguagePack(13689): FRSC English string not found for ID #0x7f1301b3
10-19 18:54:21.346 I/AppsFilter( 2067): interaction: PackageSetting{54b440f com.example.gridnote/10431} -> PackageSetting{d109aed com.facebook.appmanager/10223} BLOCKED
10-19 18:54:21.346 I/AppsFilter( 2067): interaction: PackageSetting{f945d22 com.gridnote.bitacora_fix/10478} -> PackageSetting{d109aed com.facebook.appmanager/10223} BLOCKED
10-19 18:54:21.346 I/AppsFilter( 2067): interaction: PackageSetting{6894a7a com.alphamatch.app.alpha_match/10368} -> PackageSetting{d109aed com.facebook.appmanager/10223} BLOCKED
10-19 18:54:21.346 I/AppsFilter( 2067): interaction: PackageSetting{182122b com.gridnote.app.gridnote/10448} -> PackageSetting{d109aed com.facebook.appmanager/10223} BLOCKED
10-19 18:54:21.346 I/AppsFilter( 2067): interaction: PackageSetting{e2d0688 com.gridnote.app/10442} -> PackageSetting{d109aed com.facebook.appmanager/10223} BLOCKED
10-19 18:54:21.346 I/AppsFilter( 2067): interaction: PackageSetting{6596821 com.example.alpha_match_fixed/10393} -> PackageSetting{d109aed com.facebook.appmanager/10223} BLOCKED
10-19 18:54:21.347 I/AppsFilter( 2067): interaction: PackageSetting{c519446 com.example.alpha_match_clean/10330} -> PackageSetting{d109aed com.facebook.appmanager/10223} BLOCKED
10-19 18:54:21.347 I/AppsFilter( 2067): interaction: PackageSetting{e0da607 com.example.alpha_inspec_fixed/10419} -> PackageSetting{d109aed com.facebook.appmanager/10223} BLOCKED
10-19 18:54:21.347 I/AppsFilter( 2067): interaction: PackageSetting{4d00334 com.example.alpha_inspec/10421} -> PackageSetting{d109aed com.facebook.appmanager/10223} BLOCKED
10-19 18:54:21.347 I/AppsFilter( 2067): interaction: PackageSetting{bc3655d com.example.alpha_sheet_pro/10428} -> PackageSetting{d109aed com.facebook.appmanager/10223} BLOCKED
10-19 18:54:21.347 I/AppsFilter( 2067): interaction: PackageSetting{e02aed2 com.example.alpha_sheet_gps_app/10422} -> PackageSetting{d109aed com.facebook.appmanager/10223} BLOCKED
10-19 18:54:21.347 I/AppsFilter( 2067): interaction: PackageSetting{d49ba3 com.gridnote.qrfast/10470} -> PackageSetting{d109aed com.facebook.appmanager/10223} BLOCKED
10-19 18:54:21.347 I/AppsFilter( 2067): interaction: PackageSetting{5041ea0 com.example.alpha_match_new/10382} -> PackageSetting{d109aed com.facebook.appmanager/10223} BLOCKED
10-19 18:54:21.406 D/CompatibilityChangeReporter( 2067): Compat change id reported: 135634846; UID 10306; state: DISABLED
10-19 18:54:21.406 D/CompatibilityChangeReporter( 2067): Compat change id reported: 177438394; UID 10306; state: DISABLED
10-19 18:54:21.406 D/CompatibilityChangeReporter( 2067): Compat change id reported: 135772972; UID 10306; state: DISABLED
10-19 18:54:21.406 D/CompatibilityChangeReporter( 2067): Compat change id reported: 135754954; UID 10306; state: ENABLED
10-19 18:54:21.407 D/CompatibilityChangeReporter( 2067): Compat change id reported: 143937733; UID 10306; state: ENABLED
10-19 18:54:21.408 D/JobScheduler( 2067): Enqueueing job: (job:5100/com.facebook.appmanager/com.facebook.oxygen.common.jobqueue.JobQueueService) work: JobWorkItem{id=0 intent=Intent { act=preloads.common.packages.source.common.RegisteredPackageEventWorker (has extras) }}
10-19 18:54:21.412 I/Telecom ( 2067): DefaultDialerCache: Refreshing default dialer for user 0: now com.google.android.dialer: DDC.oR@jDU
10-19 18:54:21.425 D/Zygote  ( 1026): Forked child process 14069
10-19 18:54:21.426 I/ActivityManager( 2067): Start proc 14069:com.google.android.permissioncontroller/u0a306 for service {com.google.android.permissioncontroller/com.android.permissioncontroller.permission.service.PermissionControllerServiceImpl}
10-19 18:54:21.438 D/FreeformGesture( 2735): onStateChanged: State{mIsPackageAvailable=true, mPillGestureEnabled=true, mVibrationEnabled=true, mShortcutPanelShowing=false, mSwipeInEnabled=true, mHunFreeformEnabled=true, mIsInGameMode=false, mIsRecentsShowing=false, mPillXPosition=1, mPillYPosition=600, mIsInTutorialMode=false, mIsDoubleTapPowerEnabled=false}
10-19 18:54:21.470 I/ssioncontroller(14069): Using CollectorTypeCC GC.
10-19 18:54:21.481 E/ssioncontroller(14069): Not starting debugger since process cannot load the jdwp agent.
10-19 18:54:21.501 D/nativeloader(14069): Load libframework-connectivity-tiramisu-jni.so using APEX ns com_android_tethering for caller /apex/com.android.tethering/javalib/framework-connectivity-t.jar: ok
10-19 18:54:21.510 W/ThreadPoolForeg(12544): type=1400 audit(0.0:113355): avc: denied { write } for name="traced_producer" dev="tmpfs" ino=25288 scontext=u:r:gmscore_app:s0:c512,c768 tcontext=u:object_r:traced_producer_socket:s0 tclass=sock_file permissive=0 app=com.google.android.gms
10-19 18:54:21.525 D/CarrierSvcBindHelper( 2944): onPackageModified: com.facebook.appmanager
10-19 18:54:21.527 I/Bugle   ( 8227): BroadcastReceiverAsyncWorkTracker: Acknowledging broadcast of cwkt@d61b9b4
10-19 18:54:21.529 D/CarrierSvcBindHelper( 2944): No carrier app for: 0
10-19 18:54:21.554 D/CompatibilityChangeReporter( 2067): Compat change id reported: 168419799; UID 10306; state: DISABLED
10-19 18:54:21.575 E/ActionQueryTaskListener(13689): 1 onTaskComplete [true,false,] BACKGROUND modules: [executorch]
10-19 18:54:21.578 W/SoLoader[NativeDeps](13689): Couldn't find libdynamic_executorch.so in native deps file
10-19 18:54:21.578 W/SoLoader[NativeDeps](13689): Falling back to custom ELF parsing when loading libdynamic_executorch.so, this can be slow
10-19 18:54:21.580 I/InputReader( 2067): Reconfiguring input devices, changes=KEYBOARD_LAYOUTS | 
10-19 18:54:21.585 D/CompatibilityChangeReporter(14069): Compat change id reported: 171979766; UID 10306; state: ENABLED
10-19 18:54:21.583 W/SWPool3_t1of1(13689): type=1400 audit(0.0:113356): avc: granted { execute } for path="/data/data/com.instagram.android/modules/executorch_2af3d828e779b7c549275e9d99a902ffbbde576643b2192db2e9357f1bcd141d/lib-compressed/arm64-v8a/806345170/asset-libs/libdynamic_executorch.so" dev="dm-40" ino=155502 scontext=u:r:untrusted_app:s0:c119,c257,c512,c768 tcontext=u:object_r:app_data_file:s0:c119,c257,c512,c768 tclass=file app=com.instagram.android
10-19 18:54:21.590 W/libc    (13689): Access denied finding property "ro.hardware.chipname"
10-19 18:54:21.593 D/ImsResolver( 2944): maybeAddedImsService, packageName: com.facebook.appmanager
10-19 18:54:21.611 D/nativeloader(13689): Load /data/data/com.instagram.android/modules/executorch_2af3d828e779b7c549275e9d99a902ffbbde576643b2192db2e9357f1bcd141d/lib-compressed/arm64-v8a/806345170/asset-libs/libdynamic_executorch.so using class loader ns clns-5 (caller=/data/app/~~QcMgwa6gTDnZVMUtUQV1hw==/com.instagram.android-sL3j8ufXyVTVeYiWP3IvqQ==/base.apk!classes9.dex): ok
10-19 18:54:21.643 D/nativeloader(14069): Configuring clns-shared-4 for other apk /system/framework/org.apache.http.legacy.jar. target_sdk_version=36, uses_libraries=ALL, library_path=/apex/com.android.permission/priv-app/GooglePermissionController@360906160/lib/arm64:/system/lib64:/system_ext/lib64, permitted_path=/data:/mnt/expand:/data/user_de/0/com.google.android.permissioncontroller:/apex/com.android.permission/priv-app/GooglePermissionController@360906160:/system/lib64:/system_ext/lib64
10-19 18:54:21.643 D/nativeloader(14069): Extending system_exposed_libraries: libbinauralrenderer_wrapper.qti.so:libhoaeffects.qti.so:libQOC.qti.so:libimgTuner_jni.motoimagetuner.so:libjni_helper.motocameradesktop.so:libupdateprof.qti.so:libQOC.qti.so:libdiag_system.qti.so:libqape.qti.so:libqesdk_ndk_platform.qti.so:liblistenjni.qti.so
10-19 18:54:21.736 D/nativeloader(14069): Configuring clns-shared-5 for other apk /apex/com.android.permission/priv-app/GooglePermissionController@360906160/GooglePermissionController.apk. target_sdk_version=36, uses_libraries=, library_path=/apex/com.android.permission/priv-app/GooglePermissionController@360906160/lib/arm64:/system/lib64:/system_ext/lib64, permitted_path=/data:/mnt/expand:/data/user_de/0/com.google.android.permissioncontroller:/apex/com.android.permission/priv-app/GooglePermissionController@360906160:/system/lib64:/system_ext/lib64
10-19 18:54:21.741 D/nativeloader(14069): InitApexLibraries:
10-19 18:54:21.741 D/nativeloader(14069):   com_android_adservices: libhpke_jni.so:libtflite_support_classifiers_native.so
10-19 18:54:21.741 D/nativeloader(14069):   com_android_appsearch: libappsearchservice.so:libicing_anywhere.so
10-19 18:54:21.741 D/nativeloader(14069):   com_android_art: libartservice.so
10-19 18:54:21.741 D/nativeloader(14069):   com_android_conscrypt: libjavacrypto.so
10-19 18:54:21.741 D/nativeloader(14069):   com_android_mediaprovider: libpdfclient.so
10-19 18:54:21.741 D/nativeloader(14069):   com_android_ondevicepersonalization: libfcp_cpp_dep_jni.so:libfcp_hpke_jni.so
10-19 18:54:21.741 D/nativeloader(14069):   com_android_os_statsd: libstats_jni.so
10-19 18:54:21.741 D/nativeloader(14069):   com_android_tethering: libandroid_net_connectivity_com_android_net_module_util_jni.so:libframework-connectivity-jni.so:libframework-connectivity-tiramisu-jni.so:libmainlinecronet.139.0.7205.3.so:libservice-connectivity.so:libservice-thread-jni.so:stable_cronet_libcrypto.so:stable_cronet_libssl.so
10-19 18:54:21.741 D/nativeloader(14069):   com_android_uwb: libuwb_uci_jni_rust.so
10-19 18:54:21.741 D/nativeloader(14069):   com_android_wifi: libservice-wifi-jni.so
10-19 18:54:21.836 D/nativeloader(14069): Load libframework-connectivity-jni.so using APEX ns com_android_tethering for caller /apex/com.android.tethering/javalib/framework-connectivity.jar: ok
10-19 18:54:21.857 V/GraphicsEnvironment(14069): ANGLE Developer option for 'com.google.android.permissioncontroller' set to: 'default'
10-19 18:54:21.860 V/GraphicsEnvironment(14069): ANGLE GameManagerService for com.google.android.permissioncontroller: false
10-19 18:54:21.860 V/GraphicsEnvironment(14069): Neither updatable production driver nor prerelease driver is supported.
10-19 18:54:21.873 D/NetworkSecurityConfig(14069): No Network Security Config specified, using platform default
10-19 18:54:21.875 D/NetworkSecurityConfig(14069): No Network Security Config specified, using platform default
10-19 18:54:21.924 W/FeatureFlagsImplExport(14069): java.lang.NoClassDefFoundError: Failed resolution of: Landroid/os/flagging/AconfigPackage;
10-19 18:54:21.951 W/FeatureFlagsImplExport(14069): java.lang.NoClassDefFoundError: Failed resolution of: Landroid/os/flagging/AconfigPackage;
10-19 18:54:21.952 W/FeatureFlagsImplExport(14069): java.lang.NoClassDefFoundError: Failed resolution of: Landroid/os/flagging/AconfigPackage;
10-19 18:54:21.952 W/FeatureFlagsImplExport(14069): java.lang.NoClassDefFoundError: Failed resolution of: Landroid/os/flagging/AconfigPackage;
10-19 18:54:21.955 D/WifiStaIfaceHidlImpl( 2067): getCachedScanData is not implemented by HIDL
10-19 18:54:21.966 W/FeatureFlagsImplExport(14069): java.lang.NoClassDefFoundError: Failed resolution of: Landroid/os/flagging/AconfigPackage;
10-19 18:54:21.993 I/Typeface(14069): updateThemeFont new=Rookery-Regular;old=sans-serif;new=Rookery-Stacked;old=
10-19 18:54:22.010 I/PermissionControllerServiceImpl(14069): Updating user sensitive for uid 10223
10-19 18:54:22.231 I/ActivityManager( 2067): Killing 12473:com.instagram.barcelona/u0a341 (adj 955, setSvc -10000): empty #13
10-19 18:54:22.251 D/CompatibilityChangeReporter( 2067): Compat change id reported: 161145287; UID 10306; state: DISABLED
10-19 18:54:22.273 W/FeatureFlagsImplExport(14069): java.lang.NoClassDefFoundError: Failed resolution of: Landroid/os/flagging/AconfigPackage;
10-19 18:54:22.279 I/libprocessgroup( 2067): Successfully killed process cgroup uid 10341 pid 12473 in 43ms
10-19 18:54:22.356 W/ThreadPoolForeg(16305): type=1400 audit(0.0:113357): avc: denied { write } for name="traced_producer" dev="tmpfs" ino=25288 scontext=u:r:gmscore_app:s0:c512,c768 tcontext=u:object_r:traced_producer_socket:s0 tclass=sock_file permissive=0 app=com.google.android.gms
10-19 18:54:22.464 I/ActivityManager( 2067): appDiedLocked: app=ProcessRecord{ef92007 12473:com.instagram.barcelona/u0a341} thread=android.os.BinderProxy@5f16ee5 fromBinderDied=true isKilledByAm=true reason=null
10-19 18:54:22.465 I/Zygote  ( 1026): Process 12473 exited due to signal 9 (Killed)
10-19 18:54:22.465 D/RestartModeController( 2067): markWaitRestartAppIsSuicided null processName=com.instagram.barcelona
10-19 18:54:22.466 D/DisplayManagerService( 2067): Drop pending events for gone uid 10341
10-19 18:54:22.466 D/ActivityTaskManager( 2067): handleAppDied: uid=10341,diedCount=1,lastDiedTime=230279041,forceStopUids=false
10-19 18:54:22.469 I/ActivityManager( 2067): Killing 8328:android.process.acore/u0a92 (adj 965, setSvc -10000): empty #13
10-19 18:54:22.475 I/libprocessgroup( 2067): Successfully killed process cgroup uid 10092 pid 8328 in 0ms
10-19 18:54:22.535 D/CountryDetector( 2067): No listener is left
10-19 18:54:22.535 I/ActivityManager( 2067): appDiedLocked: app=ProcessRecord{b5f75a7 8328:android.process.acore/u0a92} thread=android.os.BinderProxy@1b42dba fromBinderDied=true isKilledByAm=true reason=null
10-19 18:54:22.537 I/Zygote  ( 1026): Process 8328 exited due to signal 9 (Killed)
10-19 18:54:22.537 D/RestartModeController( 2067): markWaitRestartAppIsSuicided null processName=android.process.acore
10-19 18:54:22.537 D/DisplayManagerService( 2067): Drop pending events for gone uid 10092
10-19 18:54:22.538 D/ActivityTaskManager( 2067): handleAppDied: uid=10092,diedCount=1,lastDiedTime=229525187,forceStopUids=false
10-19 18:54:22.588 W/dex2oat64(13567): Compilation of euja eumj.e(com.google.protobuf.MessageLite, int) took 143.084ms
10-19 18:54:23.043 I/dex2oat64(13567): Explicit concurrent copying GC freed 88MB AllocSpace bytes, 1(16KB) LOS objects, 84% free, 4643KB/28MB, paused 46us,16us total 48.413ms
10-19 18:54:23.111 D/BufferPoolAccessor2.0( 1569): evictor expired: 1, evicted: 0
10-19 18:54:23.307 I/TokenStoreManager(12493): Emitting reauth flow values with reauthMap size 0
10-19 18:54:23.349 I/StartupNotificationsHelper(12493): Schedule notifications startup work...
10-19 18:54:23.358 I/StartupNotificationsHelper(12493): Is FCM token valid: true
10-19 18:54:23.362 W/WM-WorkSpec(12493): Backoff delay duration less than minimum value
10-19 18:54:23.382 W/OlmDeviceEnrollmentManager(12493): isDeviceUnderOutlookManagement: admin active? Survey says { false, false }
10-19 18:54:23.383 W/WM-WorkSpec(12493): Backoff delay duration less than minimum value
10-19 18:54:23.391 I/outlook.Notifications(12493): setupNotificationsChannelsIfNeeded - AlreadyDone[false]
10-19 18:54:23.428 I/SyncMigrationStatusTracker(12493): Updating MigrationStatus from Undetermined to Unneeded
10-19 18:54:23.475 I/AvatarManager(12493): AvatarManager - Constructor Begin
10-19 18:54:23.476 I/AvatarManager(12493): AvatarManager - Constructor End
10-19 18:54:23.483 I/OutlookAppComponentFactory(12493): instantiateService, androidx.work.impl.background.systemjob.SystemJobService
10-19 18:54:23.503 I/MSMAM - o.zzff(12493): Recursively tagging intent {0} with identity {1}
10-19 18:54:23.504 I/FcmTokenUpdateJob(12493): Hx FCM token update job starting
10-19 18:54:23.536 V/CleanupACBootHandler(12493): AC db not found
10-19 18:54:23.569 I/HxFcmTokenUpdater(12493): FCM token updated successfully in HxCore
10-19 18:54:23.578 I/WM-WorkerWrapper(12493): Worker result SUCCESS for Work [ id=451df1fd-186b-4c5f-8c16-2bac0e3e99fe, tags={ com.microsoft.office.outlook.fcm.FcmTokenUpdateJob, FcmTokenUpdateJob } ]
10-19 18:54:23.603 I/ACAccountManager(12493): getDefaultAccount: Only one account available - Picking accountId=32768
10-19 18:54:23.624 W/Settings(12493): Setting airplane_mode_on has moved from android.provider.Settings.System to android.provider.Settings.Global, returning read-only value.
10-19 18:54:23.659 I/Finsky  (12999): [102] com.microsoft.office.outlook: Account determined from installer data - [b9jEihHS1YvIsE__xK66lNMIfoqZSXIJPuGu1dhkJ7k]
10-19 18:54:23.666 E/ShortcutService( 2067): Invalid icon type in shortcut jangeloff@tecfor-ing.net. Bitmaps are not allowed in long-lived shortcuts. Use Resource icons, or Uri-based icons instead.
10-19 18:54:23.668 I/Finsky  (12999): [102] Billing preferred account via installer for com.microsoft.office.outlook: [b9jEihHS1YvIsE__xK66lNMIfoqZSXIJPuGu1dhkJ7k]
10-19 18:54:23.687 I/Finsky  (12999): [102] com.microsoft.office.outlook: Account determined from installer data - [b9jEihHS1YvIsE__xK66lNMIfoqZSXIJPuGu1dhkJ7k]
10-19 18:54:23.688 I/Finsky  (12999): [102] Billing preferred account via installer for com.microsoft.office.outlook: [b9jEihHS1YvIsE__xK66lNMIfoqZSXIJPuGu1dhkJ7k]
10-19 18:54:23.708 I/Finsky  (12999): [102] com.microsoft.office.outlook: Account determined from installer data - [b9jEihHS1YvIsE__xK66lNMIfoqZSXIJPuGu1dhkJ7k]
10-19 18:54:23.708 I/Finsky  (12999): [102] Billing preferred account via installer for com.microsoft.office.outlook: [b9jEihHS1YvIsE__xK66lNMIfoqZSXIJPuGu1dhkJ7k]
10-19 18:54:23.718 I/IAPHelperImpl(12493): queryPurchasesAsync succeeded, there are 0 purchases
10-19 18:54:23.943 E/FbnsAIDLClientManager(13689): Max Try reached for binding to FbnsAIDLService, threadId 285
10-19 18:54:23.944 E/FbnsAIDLClientManager(13689): Fbns AIDL request got RemoteException
10-19 18:54:23.944 E/FbnsAIDLClientManager(13689): android.os.RemoteException: AIDLService is not bound
10-19 18:54:23.944 E/FbnsAIDLClientManager(13689): 	at X.HVM.call(:2479)
10-19 18:54:23.944 E/FbnsAIDLClientManager(13689): 	at java.util.concurrent.FutureTask.run(FutureTask.java:317)
10-19 18:54:23.944 E/FbnsAIDLClientManager(13689): 	at java.util.concurrent.ThreadPoolExecutor.runWorker(ThreadPoolExecutor.java:1156)
10-19 18:54:23.944 E/FbnsAIDLClientManager(13689): 	at java.util.concurrent.ThreadPoolExecutor$Worker.run(ThreadPoolExecutor.java:651)
10-19 18:54:23.944 E/FbnsAIDLClientManager(13689): 	at java.lang.Thread.run(Thread.java:1119)
10-19 18:54:23.944 E/FbnsAIDLClientManager(13689): Max Try reached for binding to FbnsAIDLService, threadId 286
10-19 18:54:23.945 E/FbnsAIDLClientManager(13689): Fbns AIDL request got RemoteException
10-19 18:54:23.945 E/FbnsAIDLClientManager(13689): android.os.RemoteException: AIDLService is not bound
10-19 18:54:23.945 E/FbnsAIDLClientManager(13689): 	at X.HVM.call(:2479)
10-19 18:54:23.945 E/FbnsAIDLClientManager(13689): 	at java.util.concurrent.FutureTask.run(FutureTask.java:317)
10-19 18:54:23.945 E/FbnsAIDLClientManager(13689): 	at java.util.concurrent.ThreadPoolExecutor.runWorker(ThreadPoolExecutor.java:1156)
10-19 18:54:23.945 E/FbnsAIDLClientManager(13689): 	at java.util.concurrent.ThreadPoolExecutor$Worker.run(ThreadPoolExecutor.java:651)
10-19 18:54:23.945 E/FbnsAIDLClientManager(13689): 	at java.lang.Thread.run(Thread.java:1119)
10-19 18:54:24.105 W/MotoFreeForm( 4811): [PackageMonitor] onPackageChangedcom.facebook.appmanager
10-19 18:54:24.124 I/SQLiteCacheHelper(11387): SqliteCacheHelper---->delete whereClause = componentName LIKE ? AND profileId = ?, whereArgs = com.facebook.appmanager/%;0;
10-19 18:54:24.140 I/system_server( 2067): Background young concurrent copying GC freed 22MB AllocSpace bytes, 8(160KB) LOS objects, 26% free, 66MB/89MB, paused 322us,306us total 135.172ms
10-19 18:54:24.395 I/lowmemorykiller(  757): Kill 'com.android.remoteprovisioner' (13380), uid 10256, oom_score_adj 955 to free 56844kB rss, 36876kB swap; reason: PSI critical event
10-19 18:54:24.443 I/ActivityManager( 2067): appDiedLocked: app=ProcessRecord{1ce7b63 13380:com.android.remoteprovisioner/u0a256} thread=android.os.BinderProxy@3e7afe6 fromBinderDied=true isKilledByAm=false reason=null
10-19 18:54:24.443 I/ActivityManager( 2067): Process com.android.remoteprovisioner (pid 13380) has died: cch+55 CEM 
10-19 18:54:24.443 I/Zygote  ( 1026): Process 13380 exited due to signal 9 (Killed)
10-19 18:54:24.444 D/RestartModeController( 2067): markWaitRestartAppIsSuicided null processName=com.android.remoteprovisioner
10-19 18:54:24.445 D/DisplayManagerService( 2067): Drop pending events for gone uid 10256
10-19 18:54:24.445 D/ActivityTaskManager( 2067): handleAppDied: uid=10256,diedCount=1,lastDiedTime=230364426,forceStopUids=false
10-19 18:54:24.446 I/libprocessgroup( 2067): Successfully killed process cgroup uid 10256 pid 13380 in 0ms
10-19 18:54:24.466 I/AiAi    ( 4684): onTrimMemory() with level 5
10-19 18:54:24.468 I/GoogleTTSServiceImpl( 3267): Cache enabled: true
10-19 18:54:24.475 I/Finsky:background(28583): [2] Memory trim requested to level 5
10-19 18:54:24.476 I/Finsky  (12999): [2] Memory trim requested to level 5
10-19 18:54:24.481 I/AppBase ( 4140): AppBase.onTrimMemory():409 onTrimMemory(): 5
10-19 18:54:24.482 I/KeyboardDefCache( 4140): MemoryFileCache$1.onTrimMemory():124 clearMemory() for trim memory: 5
10-19 18:54:24.482 I/KeyboardDefCache( 4140): MemoryFileCache.clearMemory():408 evictAll()
10-19 18:54:24.483 I/GoogleInputMethodService( 4140): GoogleInputMethodService.onTrimMemory():2784 onTrimMemory(): 5
10-19 18:54:24.483 W/fbservices-stub:InitStatus(11296): Not blocking Service (189922985)
10-19 18:54:24.485 I/ForwardSyncCache( 8227): reclaimMemory: Clearing caches
10-19 18:54:24.486 D/AppCenterCrashes(12493): The memory running level (40) was saved.
10-19 18:54:24.500 W/Bugle   ( 8227): TextClassifierLibManagerImpl: Reclaiming memory at level: 80
10-19 18:54:24.892 D/ProfileInstaller(13987): Installing profile for com.facebook.appmanager
10-19 18:54:24.977 D/WifiStaIfaceHidlImpl( 2067): getCachedScanData is not implemented by HIDL
10-19 18:54:25.519 W/ActivityManager( 2067): Rescheduling restart of crashed service com.android.mtp/.MtpService in 20661984ms for mem-pressure-event
